// Jest Snapshot v1, https://goo.gl/fbAQLP

exports[`Heading test cases should render correctly 1`] = `
<div>
  <h2
    class="chakra-heading css-0"
  >
    Test
  </h2>
</div>
`;
