// Jest Snapshot v1, https://goo.gl/fbAQLP

exports[`Auth layout renders children when user is authenticated 1`] = `<DocumentFragment />`;
