// Jest Snapshot v1, https://goo.gl/fbAQLP

exports[`UserForm component should match with snapshot 1`] = `
<div>
  <form
    class="chakra-stack css-tl3ftk"
    id="update-product-form"
  >
    <div
      class="chakra-stack css-5crs4f"
    >
      <div
        class="css-1pjhpfy"
      >
        <div
          class="chakra-form-control css-0"
          role="group"
        >
          <label
            class="chakra-form__label css-byg028"
            for="field-:r1:"
            id="field-:r1:-label"
          >
            Name
          </label>
          <div
            class="chakra-input__group css-bx0blc"
            data-group="true"
          >
            <input
              class="chakra-input css-gh4tfk"
              data-testid="edit-field-name"
              id="field-:r1:"
              name="fields.name"
              placeholder="Project Name"
              type="text"
              value=""
            />
          </div>
        </div>
      </div>
      <div
        class="css-1pjhpfy"
      >
        <div
          class="chakra-form-control css-0"
          role="group"
        >
          <label
            class="chakra-form__label css-byg028"
            for="field-:r2:"
            id="field-:r2:-label"
          >
            Email
          </label>
          <div
            class="chakra-input__group css-bx0blc"
            data-group="true"
          >
            <input
              class="chakra-input css-gh4tfk"
              data-testid="edit-field-email"
              id="field-:r2:"
              name="fields.email"
              placeholder="Email"
              type="text"
              value=""
            />
          </div>
        </div>
      </div>
      <div
        class="css-1pjhpfy"
      >
        <div
          class="chakra-form-control css-0"
          role="group"
        >
          <label
            class="chakra-form__label css-byg028"
            for="field-:r3:"
            id="field-:r3:-label"
          >
            Avatar
          </label>
          <div
            class="chakra-input__group css-bx0blc"
            data-group="true"
          >
            <input
              accept="image/*"
              class="chakra-input css-gh4tfk"
              data-testid="edit-field-avatar"
              id="field-:r3:"
              name="fields.avatar"
              placeholder="Avatar"
              type="text"
              value=""
            />
          </div>
        </div>
      </div>
    </div>
    <div
      class="chakra-stack css-5crs4f"
    >
      <div
        class="css-9sax6j"
      >
        <div
          class="chakra-form-control css-0"
          role="group"
        >
          <label
            class="chakra-form__label css-byg028"
            for="field-:r4:"
            id="field-:r4:-label"
          >
            Password
          </label>
          <div
            class="chakra-input__group css-bx0blc"
            data-group="true"
          >
            <input
              class="chakra-input css-rak02u"
              id="field-:r4:"
              name="fields.password"
              placeholder="Password"
              type="password"
              value=""
            />
            <button
              aria-label="The eye icon"
              class="chakra-input__right-element css-34z6oi"
              data-testid="right-icon-input"
              type="button"
            >
              <svg
                class="chakra-icon css-1l546ul"
                focusable="false"
                viewBox="0 0 24 24"
              >
                <g
                  fill="currentColor"
                >
                  <path
                    d="M23.2,10.549a20.954,20.954,0,0,0-4.3-3.6l4-3.995a1,1,0,1,0-1.414-1.414l-.018.018a.737.737,0,0,1-.173.291l-19.5,19.5c-.008.007-.018.009-.026.017a1,1,0,0,0,1.631,1.088l4.146-4.146a11.26,11.26,0,0,0,4.31.939h.3c4.256,0,8.489-2.984,11.051-5.8A2.171,2.171,0,0,0,23.2,10.549ZM16.313,13.27a4.581,4.581,0,0,1-3,3.028,4.3,4.3,0,0,1-3.1-.19.253.253,0,0,1-.068-.407l5.56-5.559a.252.252,0,0,1,.407.067A4.3,4.3,0,0,1,16.313,13.27Z"
                  />
                  <path
                    d="M7.615,13.4a.244.244,0,0,0,.061-.24A4.315,4.315,0,0,1,7.5,12,4.5,4.5,0,0,1,12,7.5a4.276,4.276,0,0,1,1.16.173.244.244,0,0,0,.24-.062l1.941-1.942a.254.254,0,0,0-.1-.421A10.413,10.413,0,0,0,12,4.75C7.7,4.692,3.4,7.7.813,10.549a2.15,2.15,0,0,0-.007,2.9,21.209,21.209,0,0,0,3.438,3.03.256.256,0,0,0,.326-.029Z"
                  />
                </g>
              </svg>
            </button>
          </div>
        </div>
      </div>
      <div
        class="css-pbhvco"
      >
        <div
          class="chakra-form-control css-0"
          role="group"
        >
          <label
            class="chakra-form__label css-byg028"
            for="field-:r5:"
            id="field-:r5:-label"
          >
            Location
          </label>
          <div
            class="chakra-input__group css-bx0blc"
            data-group="true"
          >
            <input
              class="chakra-input css-gh4tfk"
              id="field-:r5:"
              name="fields.location"
              placeholder="Location"
              type="text"
              value=""
            />
          </div>
        </div>
      </div>
    </div>
    <div
      class="chakra-stack css-5crs4f"
    >
      <div
        class="css-pbhvco"
      >
        <div
          class="chakra-form-control css-0"
          role="group"
        >
          <label
            class="chakra-form__label css-byg028"
            for="field-:r6:"
            id="field-:r6:-label"
          >
            Phone
          </label>
          <div
            class="chakra-input__group css-bx0blc"
            data-group="true"
          >
            <input
              class="chakra-input css-gh4tfk"
              id="field-:r6:"
              name="fields.phone"
              placeholder="Phone"
              type="text"
              value=""
            />
          </div>
        </div>
      </div>
    </div>
    <div
      class="css-16xzy9q"
    >
      <button
        class="chakra-button css-2cbh8c"
        data-testid="submit-product-form"
        disabled=""
        form="update-product-form"
        type="submit"
      >
        Save
      </button>
      <button
        class="chakra-button css-42jhew"
        type="button"
      >
        Cancel
      </button>
    </div>
  </form>
</div>
`;
