// Jest Snapshot v1, https://goo.gl/fbAQLP

exports[`Profile page Should render match with snapshot. 1`] = `
<div>
  <div
    class="chakra-stack css-1ntac34"
  >
    <div
      class="chakra-stack css-114ho1i"
    >
      <div
        class="css-16qko05"
      >
        <div
          class="css-1rvp80d"
        >
          <div
            class="css-0"
          >
            <div
              class="css-ofhpoc"
            >
              <p
                class="chakra-text css-ey7c2h"
              >
                Pages /
              </p>
              <a
                class="chakra-link css-gu1yfs"
                href="/profile"
              >
                Profile
              </a>
            </div>
            <h2
              class="chakra-heading css-1v61x8k"
            >
              Profile
            </h2>
          </div>
        </div>
        <div
          class="css-1qz1u0s"
        >
          <div
            class="css-x0sdsu"
          >
            <div
              class="chakra-form-control css-1kxonj9"
              role="group"
            >
              <div
                class="chakra-input__group css-1y0e7gb"
                data-group="true"
              >
                <div
                  class="chakra-input__left-element css-1r8q61h"
                >
                  <svg
                    fill="none"
                    height="16"
                    viewBox="0 0 16 16"
                    width="16"
                    xmlns="http://www.w3.org/2000/svg"
                  >
                    <path
                      d="M14.1292 13.0958L11.3726 10.3393C12.0363 9.4558 12.3945 8.38041 12.3933 7.27542C12.3933 4.45297 10.097 2.15668 7.27457 2.15668C4.45211 2.15668 2.15582 4.45297 2.15582 7.27542C2.15582 10.0979 4.45211 12.3942 7.27457 12.3942C8.37955 12.3954 9.45495 12.0371 10.3384 11.3735L13.095 14.13C13.2345 14.2547 13.4165 14.3213 13.6036 14.3161C13.7907 14.3109 13.9687 14.2342 14.101 14.1019C14.2333 13.9695 14.31 13.7915 14.3152 13.6044C14.3205 13.4174 14.2539 13.2354 14.1292 13.0958ZM3.61832 7.27542C3.61832 6.55229 3.83276 5.84539 4.23451 5.24412C4.63626 4.64286 5.20729 4.17422 5.87538 3.89749C6.54348 3.62076 7.27863 3.54835 7.98787 3.68943C8.69711 3.83051 9.34859 4.17873 9.85993 4.69007C10.3713 5.2014 10.7195 5.85288 10.8606 6.56213C11.0016 7.27137 10.9292 8.00652 10.6525 8.67461C10.3758 9.3427 9.90714 9.91373 9.30587 10.3155C8.70461 10.7172 7.99771 10.9317 7.27457 10.9317C6.30523 10.9305 5.37592 10.5449 4.6905 9.8595C4.00507 9.17407 3.61949 8.24477 3.61832 7.27542Z"
                      fill="#2D3748"
                    />
                  </svg>
                </div>
                <input
                  class="chakra-input css-ytsznm"
                  disabled=""
                  id="field-:r2:"
                  placeholder="Search Author"
                  type="text"
                  value=""
                />
              </div>
            </div>
          </div>
          <div
            class="css-0"
          >
            <div
              class="css-2efhy9"
            >
              <svg
                fill="none"
                height="13"
                viewBox="0 0 13 13"
                width="13"
                xmlns="http://www.w3.org/2000/svg"
              >
                <path
                  d="M6.50003 4.62512C6.12919 4.62512 5.76668 4.73509 5.45834 4.94111C5.14999 5.14714 4.90967 5.43998 4.76776 5.78259C4.62584 6.1252 4.58871 6.5022 4.66106 6.86591C4.73341 7.22963 4.91198 7.56372 5.17421 7.82594C5.43643 8.08817 5.77052 8.26674 6.13424 8.33909C6.49795 8.41144 6.87495 8.37431 7.21756 8.23239C7.56017 8.09048 7.85301 7.85016 8.05904 7.54181C8.26506 7.23347 8.37503 6.87096 8.37503 6.50012C8.37355 6.0033 8.17552 5.52724 7.82422 5.17593C7.47291 4.82462 6.99685 4.6266 6.50003 4.62512ZM10.5482 6.50012C10.5472 6.67532 10.5343 6.85025 10.5097 7.02371L11.6509 7.91715C11.7006 7.95819 11.7341 8.01557 11.7454 8.07902C11.7567 8.14248 11.745 8.20789 11.7125 8.26356L10.633 10.1273C10.6002 10.1825 10.549 10.2243 10.4883 10.2454C10.4277 10.2666 10.3616 10.2657 10.3016 10.2429L8.95979 9.70379C8.68039 9.91894 8.37463 10.0975 8.04995 10.2351L7.84933 11.6596C7.8381 11.7235 7.80506 11.7814 7.75586 11.8235C7.70665 11.8657 7.64434 11.8894 7.57956 11.8907H5.4205C5.3569 11.8895 5.2956 11.8667 5.24661 11.8262C5.19761 11.7856 5.16382 11.7296 5.15073 11.6674L4.95011 10.2429C4.62453 10.1068 4.31855 9.92799 4.04027 9.71106L2.69847 10.2501C2.63849 10.2729 2.57238 10.2739 2.51177 10.2528C2.45115 10.2317 2.39992 10.1899 2.36706 10.1348L1.28753 8.27129C1.25504 8.21562 1.2434 8.15022 1.25469 8.08676C1.26598 8.0233 1.29947 7.96592 1.34917 7.92488L2.49035 7.03145C2.466 6.85536 2.45317 6.67788 2.45191 6.50012C2.45288 6.32492 2.46572 6.14999 2.49035 5.97653L1.34917 5.08309C1.29947 5.04205 1.26598 4.98467 1.25469 4.92121C1.2434 4.85776 1.25504 4.79235 1.28753 4.73668L2.36706 2.87293C2.39988 2.81776 2.4511 2.77593 2.51172 2.75479C2.57234 2.73366 2.63846 2.73458 2.69847 2.75739L4.04027 3.29645C4.31967 3.0813 4.62543 2.90274 4.95011 2.76512L5.15073 1.34059C5.16196 1.27678 5.195 1.21885 5.24421 1.1767C5.29341 1.13455 5.35572 1.1108 5.4205 1.1095H7.57956C7.64316 1.11073 7.70446 1.1335 7.75345 1.17406C7.80245 1.21463 7.83625 1.27061 7.84933 1.33286L8.04995 2.75739C8.37594 2.89332 8.68232 3.07216 8.96097 3.28918L10.3016 2.75012C10.3616 2.72729 10.4277 2.72634 10.4883 2.74743C10.5489 2.76852 10.6001 2.8103 10.633 2.86543L11.7125 4.72918C11.745 4.78485 11.7567 4.85026 11.7454 4.91371C11.7341 4.97717 11.7006 5.03455 11.6509 5.07559L10.5097 5.96903C10.534 6.14503 10.5469 6.32244 10.5482 6.50012Z"
                  fill="#FFF"
                />
              </svg>
              <svg
                fill="none"
                height="13"
                viewBox="0 0 13 13"
                width="13"
                xmlns="http://www.w3.org/2000/svg"
              >
                <path
                  d="M10.8143 8.4992C10.7754 8.45233 10.7372 8.40545 10.6997 8.36022C10.1841 7.73655 9.87213 7.36014 9.87213 5.5946C9.87213 4.68053 9.65346 3.93054 9.22244 3.36804C8.90463 2.95249 8.47502 2.63725 7.90877 2.40429C7.90148 2.40023 7.89498 2.39492 7.88955 2.38858C7.68588 1.70655 7.12854 1.24976 6.49994 1.24976C5.87135 1.24976 5.31424 1.70655 5.11057 2.38788C5.10513 2.39398 5.09872 2.39913 5.09159 2.40311C3.77018 2.9471 3.12799 3.99077 3.12799 5.59389C3.12799 7.36014 2.81651 7.73655 2.30042 8.35952C2.26292 8.40475 2.22471 8.45069 2.18581 8.4985C2.08531 8.6197 2.02163 8.76716 2.00232 8.92342C1.983 9.07967 2.00886 9.23819 2.07682 9.38022C2.22143 9.68491 2.52963 9.87405 2.88143 9.87405H10.121C10.4712 9.87405 10.7773 9.68514 10.9224 9.38186C10.9906 9.2398 11.0167 9.08115 10.9976 8.92471C10.9784 8.76827 10.9148 8.6206 10.8143 8.4992Z"
                  fill="#FFF"
                />
                <path
                  d="M6.49996 11.7499C6.83864 11.7497 7.17093 11.6577 7.46159 11.4839C7.75225 11.31 7.99044 11.0608 8.15089 10.7625C8.15845 10.7482 8.16219 10.7322 8.16173 10.7161C8.16128 10.6999 8.15665 10.6841 8.1483 10.6703C8.13995 10.6564 8.12816 10.645 8.11408 10.637C8.09999 10.6291 8.08409 10.6249 8.06792 10.6249H4.93246C4.91627 10.6249 4.90034 10.629 4.88622 10.6369C4.87211 10.6449 4.86029 10.6563 4.85191 10.6702C4.84353 10.684 4.83888 10.6998 4.83842 10.716C4.83795 10.7322 4.84169 10.7482 4.84926 10.7625C5.00969 11.0607 5.24784 11.31 5.53846 11.4838C5.82907 11.6577 6.16132 11.7496 6.49996 11.7499Z"
                  fill="#FFF"
                />
              </svg>
            </div>
          </div>
        </div>
      </div>
      <div
        class="chakra-stack css-1rxjg"
      >
        <div
          class="css-725aki"
        >
          <div
            class="css-1x1przy"
          >
            <div
              class="css-17062tn"
            >
              <img
                alt="undefined"
                class="chakra-image css-vhf13f"
                src="/imgs/avatar-default.svg"
              />
            </div>
            <div
              class="css-9om9lo"
            >
              <svg
                fill="none"
                height="13"
                viewBox="0 0 13 13"
                width="13"
                xmlns="http://www.w3.org/2000/svg"
              >
                <g
                  clip-path="url(#clip0_67_309)"
                >
                  <path
                    d="M2 9.22997V10.75C2 10.89 2.11 11 2.25 11H3.77C3.835 11 3.9 10.975 3.945 10.925L9.405 5.46997L7.53 3.59497L2.075 9.04997C2.025 9.09997 2 9.15997 2 9.22997ZM10.855 4.01997C11.05 3.82497 11.05 3.50997 10.855 3.31497L9.685 2.14497C9.49 1.94997 9.175 1.94997 8.98 2.14497L8.065 3.05997L9.94 4.93497L10.855 4.01997V4.01997Z"
                    fill="#4FD1C5"
                  />
                </g>
                <defs>
                  <clippath
                    id="clip0_67_309"
                  >
                    <rect
                      fill="white"
                      height="12"
                      transform="translate(0.5 0.5)"
                      width="12"
                    />
                  </clippath>
                </defs>
              </svg>
            </div>
          </div>
          <div
            class="chakra-stack css-13e9hhk"
          >
            <h2
              class="chakra-heading css-oy3fvb"
            />
            <p
              class="chakra-text css-1r2ayu0"
            />
          </div>
        </div>
        <div
          class="css-1a294l3"
        >
          <button
            class="chakra-button css-1tmvlgp"
            type="button"
          >
            <span
              class="chakra-button__icon css-1wh2kri"
            >
              <svg
                fill="none"
                height="11"
                viewBox="0 0 12 11"
                width="12"
                xmlns="http://www.w3.org/2000/svg"
              >
                <g
                  clip-path="url(#clip0_67_316)"
                >
                  <path
                    d="M1.78125 3.64874V7.87945L5.90625 10.3089V6.09796L1.78125 3.64874Z"
                    fill="#2D3748"
                  />
                  <path
                    d="M6.59375 10.3089L10.7187 7.87945V3.64874L6.59375 6.09796V10.3089Z"
                    fill="#2D3748"
                  />
                  <path
                    d="M10.375 3.09045L6.25 0.684204L2.125 3.09045L6.25 5.4967L10.375 3.09045Z"
                    fill="#2D3748"
                  />
                </g>
                <defs>
                  <clippath
                    id="clip0_67_316"
                  >
                    <rect
                      fill="white"
                      height="11"
                      transform="translate(0.75 -0.00280762)"
                      width="11"
                    />
                  </clippath>
                </defs>
              </svg>
            </span>
            OVERVIEW
          </button>
          <button
            class="chakra-button css-1tmvlgp"
            type="button"
          >
            <span
              class="chakra-button__icon css-1wh2kri"
            >
              <svg
                fill="none"
                height="11"
                viewBox="0 0 12 11"
                width="12"
                xmlns="http://www.w3.org/2000/svg"
              >
                <g
                  clip-path="url(#clip0_67_344)"
                >
                  <path
                    d="M6.91072 5.3252C6.92765 5.32521 6.94421 5.32023 6.95832 5.31087C6.97242 5.30151 6.98345 5.28819 6.99001 5.27258C6.99658 5.25697 6.99838 5.23978 6.99521 5.22315C6.99203 5.20652 6.98402 5.1912 6.97217 5.17911L5.28779 3.46637C5.27582 3.45422 5.26051 3.4459 5.24379 3.44248C5.22708 3.43906 5.20973 3.44069 5.19395 3.44716C5.17816 3.45364 5.16467 3.46466 5.15517 3.47884C5.14567 3.49301 5.14061 3.50968 5.14063 3.52674V5.06739C5.14063 5.13576 5.16779 5.20134 5.21614 5.24969C5.26449 5.29804 5.33006 5.3252 5.39844 5.3252H6.91072Z"
                    fill="#2D3748"
                  />
                  <path
                    d="M4.73242 5.73352C4.64418 5.64646 4.57406 5.54278 4.52612 5.42846C4.47818 5.31415 4.45337 5.19146 4.45312 5.0675V3.09094H2.90625C2.54191 3.09202 2.1928 3.23723 1.93517 3.49486C1.67754 3.75249 1.53233 4.1016 1.53125 4.46594V9.27844C1.53125 9.64311 1.67612 9.99285 1.93398 10.2507C2.19184 10.5086 2.54158 10.6534 2.90625 10.6534H6C6.36467 10.6534 6.71441 10.5086 6.97227 10.2507C7.23013 9.99285 7.375 9.64311 7.375 9.27844V6.01282H5.39844C5.27447 6.01264 5.15176 5.98786 5.03744 5.93992C4.92311 5.89198 4.81944 5.82182 4.73242 5.73352Z"
                    fill="#2D3748"
                  />
                  <path
                    d="M8.49219 2.57496H10.0045C10.0214 2.57497 10.038 2.56998 10.0521 2.56062C10.0662 2.55126 10.0772 2.53794 10.0838 2.52234C10.0903 2.50673 10.0921 2.48953 10.089 2.4729C10.0858 2.45627 10.0778 2.44095 10.0659 2.42886L8.38154 0.716128C8.36957 0.703974 8.35426 0.695657 8.33754 0.692236C8.32083 0.688816 8.30348 0.690446 8.2877 0.696921C8.27191 0.703395 8.25842 0.71442 8.24892 0.728592C8.23942 0.742763 8.23436 0.75944 8.23438 0.776499V2.31714C8.23438 2.38552 8.26154 2.45109 8.30989 2.49944C8.35824 2.54779 8.42381 2.57496 8.49219 2.57496Z"
                    fill="#2D3748"
                  />
                  <path
                    d="M8.49219 3.26263C8.24206 3.26072 8.00273 3.16051 7.82586 2.98365C7.64899 2.80678 7.54878 2.56744 7.54687 2.31732V0.340759H5.22656C4.8848 0.341157 4.55716 0.477097 4.3155 0.718756C4.07384 0.960416 3.9379 1.28806 3.9375 1.62982V2.40326H4.84242C4.95793 2.40372 5.0722 2.427 5.17868 2.47176C5.28516 2.51652 5.38175 2.58188 5.46289 2.66408L7.80812 5.04884C7.97174 5.21485 8.06309 5.43881 8.06228 5.67189V8.59076H9.20203C9.90049 8.59076 10.4685 8.0124 10.4685 7.30169V3.26263H8.49219Z"
                    fill="black"
                  />
                </g>
                <defs>
                  <clippath
                    id="clip0_67_344"
                  >
                    <rect
                      fill="white"
                      height="11"
                      transform="translate(0.5 -0.00280762)"
                      width="11"
                    />
                  </clippath>
                </defs>
              </svg>
            </span>
            TEAMS
          </button>
          <button
            class="chakra-button css-1tmvlgp"
            type="button"
          >
            <span
              class="chakra-button__icon css-1wh2kri"
            >
              <svg
                fill="none"
                height="11"
                viewBox="0 0 12 11"
                width="12"
                xmlns="http://www.w3.org/2000/svg"
              >
                <g
                  clip-path="url(#clip0_67_364)"
                >
                  <path
                    d="M10.838 2.58686C10.8132 2.53872 10.7774 2.49711 10.7336 2.46541C10.6897 2.43371 10.6389 2.41282 10.5855 2.40444C10.532 2.39607 10.4773 2.40044 10.4258 2.41721C10.3743 2.43397 10.3275 2.46266 10.2893 2.50092L8.96926 3.82178C8.90446 3.88564 8.81714 3.92144 8.72616 3.92144C8.63518 3.92144 8.54786 3.88564 8.48306 3.82178L7.91244 3.2503C7.88051 3.21838 7.85518 3.18048 7.8379 3.13877C7.82062 3.09706 7.81173 3.05235 7.81173 3.0072C7.81173 2.96206 7.82062 2.91735 7.8379 2.87564C7.85518 2.83393 7.88051 2.79603 7.91244 2.76411L9.22685 1.44948C9.26626 1.41008 9.29549 1.3617 9.31204 1.30849C9.32859 1.25528 9.33196 1.19885 9.32185 1.14405C9.31175 1.08926 9.28847 1.03774 9.25403 0.993935C9.21959 0.950131 9.17502 0.915356 9.12416 0.892605C8.13136 0.448738 6.89215 0.68034 6.11076 1.45593C5.44689 2.11507 5.24902 3.14503 5.56828 4.28176C5.58549 4.34238 5.58559 4.40658 5.56857 4.46725C5.55154 4.52793 5.51805 4.5827 5.47182 4.62551L1.8951 7.89221C1.75576 8.01732 1.64337 8.1695 1.56478 8.33947C1.48619 8.50944 1.44306 8.69364 1.438 8.88084C1.43295 9.06803 1.46608 9.25429 1.53538 9.42826C1.60468 9.60222 1.7087 9.76025 1.84108 9.89269C1.97347 10.0251 2.13144 10.1292 2.30538 10.1986C2.47932 10.268 2.66556 10.3012 2.85276 10.2962C3.03995 10.2912 3.22417 10.2482 3.39418 10.1697C3.56418 10.0912 3.71642 9.97884 3.84158 9.83956L7.1433 6.25489C7.1855 6.20925 7.23935 6.17598 7.29905 6.15868C7.35875 6.14138 7.42204 6.1407 7.48211 6.1567C7.80574 6.24538 8.13956 6.29139 8.47511 6.29356C9.19269 6.29356 9.8224 6.06131 10.2766 5.61379C11.1177 4.78514 11.246 3.37964 10.838 2.58686ZM2.88746 9.6043C2.74597 9.61975 2.60316 9.59089 2.47876 9.52172C2.35436 9.45255 2.2545 9.34648 2.19295 9.21813C2.13141 9.08979 2.11122 8.94551 2.13516 8.8052C2.15911 8.66489 2.22601 8.53548 2.32664 8.43481C2.42727 8.33415 2.55666 8.2672 2.69696 8.2432C2.83726 8.21921 2.98155 8.23935 3.10992 8.30085C3.23828 8.36235 3.34439 8.46218 3.41361 8.58655C3.48282 8.71093 3.51172 8.85372 3.49633 8.99522C3.47939 9.15091 3.4098 9.29615 3.29908 9.40691C3.18836 9.51767 3.04315 9.58731 2.88746 9.6043Z"
                    fill="#2D3748"
                  />
                </g>
                <defs>
                  <clippath
                    id="clip0_67_364"
                  >
                    <rect
                      fill="white"
                      height="11"
                      transform="translate(0.75 -0.00280762)"
                      width="11"
                    />
                  </clippath>
                </defs>
              </svg>
            </span>
            PROJECTS
          </button>
        </div>
      </div>
    </div>
    <div
      class="css-1sm5d0y"
    >
      <div
        class="css-0"
      >
        <div
          class="chakra-stack css-iyhnqv"
        >
          <h2
            class="chakra-heading css-427ynh"
          >
            Platform Settings
          </h2>
          <div
            class="chakra-stack css-zv65gn"
          >
            <h2
              class="chakra-heading css-cytiej"
            >
              ACCOUNT
            </h2>
            <div
              class="chakra-stack css-1is41w3"
            >
              <div
                class="chakra-form-control css-12sjb1l"
                role="group"
              >
                <label
                  class="chakra-switch css-ghot30"
                >
                  <input
                    aria-disabled="false"
                    aria-invalid="false"
                    class="chakra-switch__input"
                    id="remember-me"
                    style="border: 0px; clip: rect(0px, 0px, 0px, 0px); height: 1px; width: 1px; margin: -1px; padding: 0px; overflow: hidden; white-space: nowrap; position: absolute;"
                    type="checkbox"
                    value=""
                  />
                  <span
                    aria-hidden="true"
                    class="chakra-switch__track css-avx3sv"
                  >
                    <span
                      class="chakra-switch__thumb css-7roig"
                    />
                  </span>
                </label>
                <label
                  class="chakra-form__label css-4jdon"
                  for="remember-me"
                  id="field-:r3:-label"
                >
                  Email me when someone follows me
                </label>
              </div>
              <div
                class="chakra-form-control css-12sjb1l"
                role="group"
              >
                <label
                  class="chakra-switch css-ghot30"
                >
                  <input
                    aria-disabled="false"
                    aria-invalid="false"
                    class="chakra-switch__input"
                    id="remember-me"
                    style="border: 0px; clip: rect(0px, 0px, 0px, 0px); height: 1px; width: 1px; margin: -1px; padding: 0px; overflow: hidden; white-space: nowrap; position: absolute;"
                    type="checkbox"
                    value=""
                  />
                  <span
                    aria-hidden="true"
                    class="chakra-switch__track css-avx3sv"
                  >
                    <span
                      class="chakra-switch__thumb css-7roig"
                    />
                  </span>
                </label>
                <label
                  class="chakra-form__label css-4jdon"
                  for="remember-me"
                  id="field-:r4:-label"
                >
                  Email me when someone answers on my post
                </label>
              </div>
              <div
                class="chakra-form-control css-12sjb1l"
                role="group"
              >
                <label
                  class="chakra-switch css-ghot30"
                >
                  <input
                    aria-disabled="false"
                    aria-invalid="false"
                    class="chakra-switch__input"
                    id="remember-me"
                    style="border: 0px; clip: rect(0px, 0px, 0px, 0px); height: 1px; width: 1px; margin: -1px; padding: 0px; overflow: hidden; white-space: nowrap; position: absolute;"
                    type="checkbox"
                    value=""
                  />
                  <span
                    aria-hidden="true"
                    class="chakra-switch__track css-avx3sv"
                  >
                    <span
                      class="chakra-switch__thumb css-7roig"
                    />
                  </span>
                </label>
                <label
                  class="chakra-form__label css-4jdon"
                  for="remember-me"
                  id="field-:r5:-label"
                >
                  Email me when someone mentions me
                </label>
              </div>
            </div>
          </div>
          <div
            class="chakra-stack css-1jv9mt5"
          >
            <h2
              class="chakra-heading css-cytiej"
            >
              APPLICATION
            </h2>
            <div
              class="chakra-stack css-1is41w3"
            >
              <div
                class="chakra-form-control css-12sjb1l"
                role="group"
              >
                <label
                  class="chakra-switch css-ghot30"
                >
                  <input
                    aria-disabled="false"
                    aria-invalid="false"
                    class="chakra-switch__input"
                    id="remember-me"
                    style="border: 0px; clip: rect(0px, 0px, 0px, 0px); height: 1px; width: 1px; margin: -1px; padding: 0px; overflow: hidden; white-space: nowrap; position: absolute;"
                    type="checkbox"
                    value=""
                  />
                  <span
                    aria-hidden="true"
                    class="chakra-switch__track css-avx3sv"
                  >
                    <span
                      class="chakra-switch__thumb css-7roig"
                    />
                  </span>
                </label>
                <label
                  class="chakra-form__label css-4jdon"
                  for="remember-me"
                  id="field-:r6:-label"
                >
                  New launches and projects
                </label>
              </div>
              <div
                class="chakra-form-control css-12sjb1l"
                role="group"
              >
                <label
                  class="chakra-switch css-ghot30"
                >
                  <input
                    aria-disabled="false"
                    aria-invalid="false"
                    class="chakra-switch__input"
                    id="remember-me"
                    style="border: 0px; clip: rect(0px, 0px, 0px, 0px); height: 1px; width: 1px; margin: -1px; padding: 0px; overflow: hidden; white-space: nowrap; position: absolute;"
                    type="checkbox"
                    value=""
                  />
                  <span
                    aria-hidden="true"
                    class="chakra-switch__track css-avx3sv"
                  >
                    <span
                      class="chakra-switch__thumb css-7roig"
                    />
                  </span>
                </label>
                <label
                  class="chakra-form__label css-4jdon"
                  for="remember-me"
                  id="field-:r7:-label"
                >
                  Monthly product updates
                </label>
              </div>
              <div
                class="chakra-form-control css-12sjb1l"
                role="group"
              >
                <label
                  class="chakra-switch css-ghot30"
                >
                  <input
                    aria-disabled="false"
                    aria-invalid="false"
                    class="chakra-switch__input"
                    id="remember-me"
                    style="border: 0px; clip: rect(0px, 0px, 0px, 0px); height: 1px; width: 1px; margin: -1px; padding: 0px; overflow: hidden; white-space: nowrap; position: absolute;"
                    type="checkbox"
                    value=""
                  />
                  <span
                    aria-hidden="true"
                    class="chakra-switch__track css-avx3sv"
                  >
                    <span
                      class="chakra-switch__thumb css-7roig"
                    />
                  </span>
                </label>
                <label
                  class="chakra-form__label css-4jdon"
                  for="remember-me"
                  id="field-:r8:-label"
                >
                  Subscribe to newsletter
                </label>
              </div>
            </div>
          </div>
        </div>
      </div>
      <div
        class="css-0"
      >
        <div
          class="chakra-stack css-iyhnqv"
        >
          <h2
            class="chakra-heading css-427ynh"
          >
            Profile Information
          </h2>
          <div
            class="chakra-stack css-f0hxb4"
          >
            <p
              class="chakra-text css-17q6ppl"
            >
              Hi, I’m Alec Thompson, Decisions: If you can’t decide, the answer is no. If two equally difficult paths, choose the one more painful in the short term (pain avoidance is creating an illusion of equality).
            </p>
            <svg
              fill="none"
              height="1"
              viewBox="0 0 234 1"
              width="234"
              xmlns="http://www.w3.org/2000/svg"
            >
              <path
                d="M0.499908 0.500061H233.75"
                stroke="url(#paint0_linear_1502_439)"
              />
              <defs>
                <lineargradient
                  gradientUnits="userSpaceOnUse"
                  id="paint0_linear_1502_439"
                  x1="0.499908"
                  x2="231.5"
                  y1="0.500061"
                  y2="0.500061"
                >
                  <stop
                    stop-color="#E0E1E2"
                    stop-opacity="0"
                  />
                  <stop
                    offset="0.5"
                    stop-color="#E0E1E2"
                  />
                  <stop
                    offset="1"
                    stop-color="#E0E1E2"
                    stop-opacity="0.15625"
                  />
                </lineargradient>
              </defs>
            </svg>
            <div
              class="chakra-stack css-z8oacn"
            >
              <div
                class="chakra-stack css-1igwmid"
              >
                <h2
                  class="chakra-heading css-ikp1xt"
                >
                  Full Name
                  :
                </h2>
                <p
                  class="chakra-text css-1vbmvs3"
                />
              </div>
              <div
                class="chakra-stack css-1igwmid"
              >
                <h2
                  class="chakra-heading css-ikp1xt"
                >
                  Mobile
                  :
                </h2>
                <p
                  class="chakra-text css-1vbmvs3"
                />
              </div>
              <div
                class="chakra-stack css-1igwmid"
              >
                <h2
                  class="chakra-heading css-ikp1xt"
                >
                  Email
                  :
                </h2>
                <p
                  class="chakra-text css-1vbmvs3"
                />
              </div>
              <div
                class="chakra-stack css-1igwmid"
              >
                <h2
                  class="chakra-heading css-ikp1xt"
                >
                  Location
                  :
                </h2>
                <p
                  class="chakra-text css-1vbmvs3"
                />
              </div>
              <div
                class="chakra-stack css-1igwmid"
              >
                <h2
                  class="chakra-heading css-ikp1xt"
                >
                  Social Media
                  :
                </h2>
                <p
                  class="chakra-text css-1vbmvs3"
                />
              </div>
            </div>
          </div>
        </div>
      </div>
      <div
        class="css-0"
      >
        <div
          class="chakra-stack css-iyhnqv"
        >
          <h2
            class="chakra-heading css-427ynh"
          >
            Conversations
          </h2>
          <div
            class="chakra-stack css-14nijm1"
          >
            <div
              class="css-70qvj9"
            >
              <div
                class="css-1hahzqe"
              >
                <img
                  alt="Avatar"
                  class="chakra-image css-vhf13f"
                  src="/imgs/avatar-default.svg"
                />
              </div>
              <div
                class="chakra-stack css-bm9tc9"
              >
                <h2
                  class="chakra-heading css-1pw1mag"
                >
                  Esthera Jackson
                </h2>
                <p
                  class="chakra-text css-1r2ayu0"
                >
                  Hi! I need more informations...
                </p>
              </div>
            </div>
            <div
              class="css-70qvj9"
            >
              <div
                class="css-1hahzqe"
              >
                <img
                  alt="Avatar"
                  class="chakra-image css-vhf13f"
                  src="/imgs/avatar-default.svg"
                />
              </div>
              <div
                class="chakra-stack css-bm9tc9"
              >
                <h2
                  class="chakra-heading css-1pw1mag"
                >
                  Esthera Jackson
                </h2>
                <p
                  class="chakra-text css-1r2ayu0"
                >
                  Awesome work, can you change...
                </p>
              </div>
            </div>
            <div
              class="css-70qvj9"
            >
              <div
                class="css-1hahzqe"
              >
                <img
                  alt="Avatar"
                  class="chakra-image css-vhf13f"
                  src="/imgs/avatar-default.svg"
                />
              </div>
              <div
                class="chakra-stack css-bm9tc9"
              >
                <h2
                  class="chakra-heading css-1pw1mag"
                >
                  Esthera Jackson
                </h2>
                <p
                  class="chakra-text css-1r2ayu0"
                >
                  Have a great afternoon...
                </p>
              </div>
            </div>
            <div
              class="css-70qvj9"
            >
              <div
                class="css-1hahzqe"
              >
                <img
                  alt="Avatar"
                  class="chakra-image css-vhf13f"
                  src="/imgs/avatar-default.svg"
                />
              </div>
              <div
                class="chakra-stack css-bm9tc9"
              >
                <h2
                  class="chakra-heading css-1pw1mag"
                >
                  Esthera Jackson
                </h2>
                <p
                  class="chakra-text css-1r2ayu0"
                >
                  About files I can...
                </p>
              </div>
            </div>
          </div>
        </div>
      </div>
    </div>
    <div
      class="chakra-stack css-gjedoq"
    >
      <div
        class="css-i3pbo"
      >
        <h2
          class="chakra-heading css-oy3fvb"
        >
          Project
        </h2>
        <p
          class="chakra-text css-17q6ppl"
        >
          Architects design houses
        </p>
      </div>
      <div
        class="css-174ydj6"
      >
        <div
          class="css-0"
        >
          <div
            class="chakra-stack css-10awbpf"
          >
            <svg
              class="chakra-icon css-onkibi"
              focusable="false"
              viewBox="0 0 24 24"
            >
              <path
                d="M0,12a1.5,1.5,0,0,0,1.5,1.5h8.75a.25.25,0,0,1,.25.25V22.5a1.5,1.5,0,0,0,3,0V13.75a.25.25,0,0,1,.25-.25H22.5a1.5,1.5,0,0,0,0-3H13.75a.25.25,0,0,1-.25-.25V1.5a1.5,1.5,0,0,0-3,0v8.75a.25.25,0,0,1-.25.25H1.5A1.5,1.5,0,0,0,0,12Z"
                fill="currentColor"
              />
            </svg>
            <h2
              class="chakra-heading css-acgmst"
            >
              Create a New Project
            </h2>
          </div>
        </div>
        <div
          class="css-0"
        >
          <div
            class="chakra-stack css-tl3ftk"
          >
            <div
              class="css-17s1m33"
            >
              <img
                alt="Project "
                class="chakra-image css-1wvfyt3"
                src="https://d38b044pevnwc9.cloudfront.net/cutout-nuxt/enhancer/3.jpg"
              />
              <img
                class="chakra-image css-1k3iufv"
              />
            </div>
            <div
              class="chakra-stack css-13du08q"
            >
              <p
                class="chakra-text css-1s2vh1k"
              >
                Project #
                7
              </p>
              <h2
                class="chakra-heading css-w8vpoz"
              >
                Project 
              </h2>
              <p
                class="chakra-text css-nefy13"
              >
                asdasd
              </p>
              <div
                class="css-0"
              >
                <button
                  class="chakra-button css-ylogsa"
                  type="button"
                >
                  VIEW ALL
                </button>
              </div>
            </div>
          </div>
        </div>
      </div>
    </div>
  </div>
</div>
`;
