// Jest Snapshot v1, https://goo.gl/fbAQLP

exports[`Text test cases Should render correctly 1`] = `
<div>
  <p
    class="chakra-text css-0"
  >
    Text
  </p>
</div>
`;
